[www.perceptive-analytics.com/tableau-consultants/index_mobile.html]
[backblue.gif]
[fade.gif]
[index.html]
[www.perceptive-analytics.com/tableau-consultants/images/1-v4.0.jpg]
[www.perceptive-analytics.com/tableau-consultants/images/favicon.png]
[connect.facebook.net/en_US/fbevents.js]
[www.perceptive-analytics.com/tableau-consultants/index.html]
[www.perceptive-analytics.com/tableau-consultants/images/logo.jpg]
[script.crazyegg.com/pages/scripts/0071/9462.js]
[www.perceptive-analytics.com/tableau-consultants/images/work_img.jpg]
[www.perceptive-analytics.com/tableau-consultants/getaquote_mobile.html]
[www.perceptive-analytics.com/tableau-consultants/images/logo2.png]
[www.perceptive-analytics.com/tableau-consultants/images/logo3.png]
[www.perceptive-analytics.com/tableau-consultants/images/logo5.jpg]
[www.perceptive-analytics.com/tableau-consultants/images/logo4.jpg]
[www.perceptive-analytics.com/tableau-consultants/images/nilesh.jpg]
[www.perceptive-analytics.com/tableau-consultants/images/jon.jpg]
[www.perceptive-analytics.com/tableau-consultants/images/icon1.png]
[www.perceptive-analytics.com/tableau-consultants/images/icon2.jpg]
[www.perceptive-analytics.com/tableau-consultants/images/icon3.png]
[www.perceptive-analytics.com/tableau-consultants/images/icon4.png]
[www.perceptive-analytics.com/tableau-consultants/images/icon5.jpg]
[www.perceptive-analytics.com/tableau-consultants/thankyou_mobile.html]
[www.perceptive-analytics.com/tableau-consultants/images/lock.gif]
[www.perceptive-analytics.com/tableau-consultants/images/secured_sec-mob.png]
[www.perceptive-analytics.com/tableau-consultants/js/jquery.min.js]
[www.google.com/recaptcha/api.js]
[www.perceptive-analytics.com/tableau-consultants/index_mobile.html]
[www.perceptive-analytics.com/tableau-consultants/fonts/sf-pro-display-light-webfont.eot]
[www.perceptive-analytics.com/tableau-consultants/fonts/sf-pro-display-light-webfontd41d.eot]
[www.perceptive-analytics.com/tableau-consultants/fonts/sf-pro-display-light-webfont.woff]
[www.perceptive-analytics.com/tableau-consultants/fonts/sf-pro-display-light-webfont.ttf]
[www.perceptive-analytics.com/tableau-consultants/fonts/sf-pro-display-medium-webfont.eot]
[www.perceptive-analytics.com/tableau-consultants/fonts/sf-pro-display-medium-webfontd41d.eot]
[www.perceptive-analytics.com/tableau-consultants/fonts/sf-pro-display-medium-webfont.woff]
[www.perceptive-analytics.com/tableau-consultants/fonts/sf-pro-display-medium-webfont.ttf]
[www.perceptive-analytics.com/tableau-consultants/fonts/sf-pro-display-regular-webfont.eot]
[www.perceptive-analytics.com/tableau-consultants/fonts/sf-pro-display-regular-webfontd41d.eot]
[www.perceptive-analytics.com/tableau-consultants/fonts/sf-pro-display-regular-webfont.woff]
[www.perceptive-analytics.com/tableau-consultants/fonts/sf-pro-display-regular-webfont.ttf]
[www.perceptive-analytics.com/tableau-consultants/fonts/sf-pro-display-semibold-webfont.eot]
[www.perceptive-analytics.com/tableau-consultants/fonts/sf-pro-display-semibold-webfontd41d.eot]
[www.perceptive-analytics.com/tableau-consultants/fonts/sf-pro-display-semibold-webfont.woff]
[www.perceptive-analytics.com/tableau-consultants/fonts/sf-pro-display-semibold-webfont.ttf]
[www.perceptive-analytics.com/tableau-consultants/fonts/sf-pro-display-bold-webfont.eot]
[www.perceptive-analytics.com/tableau-consultants/fonts/sf-pro-display-bold-webfontd41d.eot]
[www.perceptive-analytics.com/tableau-consultants/fonts/sf-pro-display-bold-webfont.woff]
[www.perceptive-analytics.com/tableau-consultants/fonts/sf-pro-display-bold-webfont.ttf]
[www.perceptive-analytics.com/tableau-consultants/images/logo_48.png]
[www.perceptive-analytics.com/tableau-consultants/style.css]
[www.perceptive-analytics.com/tableau-consultants/font-awesome-4.6.2/fonts/fontawesome-webfont9efe.eot]
[www.perceptive-analytics.com/tableau-consultants/font-awesome-4.6.2/fonts/fontawesome-webfontd41d.eot]
[www.perceptive-analytics.com/tableau-consultants/font-awesome-4.6.2/fonts/fontawesome-webfont9efe.woff]
[www.perceptive-analytics.com/tableau-consultants/font-awesome-4.6.2/fonts/fontawesome-webfont9efe.ttf]
[www.perceptive-analytics.com/tableau-consultants/font-awesome-4.6.2/css/font-awesome.css]
[www.perceptive-analytics.com/tableau-consultants/font-awesome-4.6.2/css/font-awesome.min.css]
[www.perceptive-analytics.com/tableau-consultants/images/3-v4.0.png]
[www.perceptive-analytics.com/tableau-consultants/index-2.html]
[www.perceptive-analytics.com/tableau-consultants/images/perceptive_logo.png]
[www.perceptive-analytics.com/tableau-consultants/images/phone-icon.png]
[www.perceptive-analytics.com/tableau-consultants/images/mail-icon.png]
[www.perceptive-analytics.com/tableau-consultants/getaquote.html]
[www.perceptive-analytics.com/tableau-consultants/images/tableau-consultants-awards.png]
[www.perceptive-analytics.com/tableau-consultants/images/about_prod_list.png]
[www.perceptive-analytics.com/tableau-consultants/images/tab.png]
[www.perceptive-analytics.com/tableau-consultants/images/excel-to-tableau.png]
[www.perceptive-analytics.com/tableau-consultants/images/adv-viz.png]
[www.perceptive-analytics.com/tableau-consultants/images/slow.jpg]
[www.perceptive-analytics.com/tableau-consultants/images/team.jpg]
[www.perceptive-analytics.com/tableau-consultants/images/wdc.png]
[www.perceptive-analytics.com/tableau-consultants/thankyou.html]
[www.perceptive-analytics.com/tableau-consultants/images/tableau_img.png]
[www.perceptive-analytics.com/tableau-consultants/images/secured_sec1.png]
[www.perceptive-analytics.com/tableau-consultants/images/joyce-new.jpg]
[www.perceptive-analytics.com/tableau-consultants/images/samirlavani_img.jpg]
[www.perceptive-analytics.com/tableau-consultants/images/about_prod_list2.png]
[www.perceptive-analytics.com/tableau-consultants/js/bootstrap.js]
[www.perceptive-analytics.com/tableau-consultants/js/swiper.min.js]
[www.perceptive-analytics.com/tableau-consultants/js/script.js]
[www.perceptive-analytics.com/tableau-consultants/index.html]
[connect.facebook.net/en_US/fbevents.js]
[www.perceptive-analytics.com/tableau-consultants/images/secured_sec2.png]
[www.perceptive-analytics.com/tableau-consultants/getaquote_mobile.html]
[www.perceptive-analytics.com/tableau-consultants/images/thankyoumobile_arrow.png]
[www.perceptive-analytics.com/tableau-consultants/thankyou_mobile.html]
[www.perceptive-analytics.com/tableau-consultants/fonts/sf-pro-display-light-webfont.html]
[www.perceptive-analytics.com/tableau-consultants/fonts/sf-pro-display-light-webfont.svg]
[www.perceptive-analytics.com/tableau-consultants/fonts/sf-pro-display-medium-webfont.html]
[www.perceptive-analytics.com/tableau-consultants/fonts/sf-pro-display-medium-webfont.svg]
[www.perceptive-analytics.com/tableau-consultants/fonts/sf-pro-display-regular-webfont.html]
[www.perceptive-analytics.com/tableau-consultants/fonts/sf-pro-display-regular-webfont.svg]
[www.perceptive-analytics.com/tableau-consultants/fonts/sf-pro-display-semibold-webfont.html]
[www.perceptive-analytics.com/tableau-consultants/fonts/sf-pro-display-semibold-webfont.svg]
[www.perceptive-analytics.com/tableau-consultants/fonts/sf-pro-display-bold-webfont.html]
[www.perceptive-analytics.com/tableau-consultants/fonts/sf-pro-display-bold-webfont.svg]
[www.perceptive-analytics.com/tableau-consultants/font-awesome-4.6.2/fonts/fontawesome-webfont9efe.html]
[www.perceptive-analytics.com/tableau-consultants/font-awesome-4.6.2/fonts/fontawesome-webfont9efe.svg]
[assets.calendly.com/assets/external/widget.js]
[www.perceptive-analytics.com/tableau-consultants/css/bootstrap.css]
[www.perceptive-analytics.com/tableau-consultants/images/banner_bg.jpg]
[www.perceptive-analytics.com/tableau-consultants/images/thankyou_img.jpg]
[www.perceptive-analytics.com/tableau-consultants/images/lightbox-close@3x.png]
[www.perceptive-analytics.com/tableau-consultants/css/style.css]
[www.perceptive-analytics.com/tableau-consultants/index-2.html]
[www.perceptive-analytics.com/tableau-consultants/getaquote.html]
[www.perceptive-analytics.com/tableau-consultants/thankyou.html]
[www.perceptive-analytics.com/tableau-consultants/fonts/fontawesome-webfont93e3.eot]
[www.perceptive-analytics.com/tableau-consultants/fonts/fontawesome-webfontd41d.eot]
[www.perceptive-analytics.com/tableau-consultants/fonts/fontawesome-webfont93e3.woff]
[www.perceptive-analytics.com/tableau-consultants/fonts/fontawesome-webfont93e3.ttf]
[www.perceptive-analytics.com/tableau-consultants/css/font-awesome.min.css]
[www.perceptive-analytics.com/tableau-consultants/css/animate.css]
[www.perceptive-analytics.com/tableau-consultants/c.html]
[www.perceptive-analytics.com/tableau-consultants/b.html]
[www.perceptive-analytics.com/tableau-consultants/POST.html]
[www.perceptive-analytics.com/tableau-consultants/css/swiper.min.css]
[www.perceptive-analytics.com/tableau-consultants/css/responsive.css]
[www.perceptive-analytics.com/tableau-consultants/fonts/glyphicons-halflings-regular.html]
[www.perceptive-analytics.com/tableau-consultants/fonts/glyphicons-halflings-regulard41d.html]
[www.perceptive-analytics.com/tableau-consultants/fonts/glyphicons-halflings-regular-2.html]
[www.perceptive-analytics.com/tableau-consultants/fonts/glyphicons-halflings-regular-3.html]
[www.perceptive-analytics.com/tableau-consultants/fonts/glyphicons-halflings-regular-4.html]
[www.perceptive-analytics.com/tableau-consultants/fonts/glyphicons-halflings-regular-5.html]
[www.perceptive-analytics.com/tableau-consultants/fonts/fontawesome-webfont93e3.html]
[www.perceptive-analytics.com/tableau-consultants/fonts/fontawesome-webfont93e3.svg]
